
Discarded input sections

 .text          0x00000000        0x0 build/obj/boot.o
 .data          0x00000000        0x0 build/obj/boot.o
 .bss           0x00000000        0x0 build/obj/boot.o
 .text          0x00000000        0x0 build/obj/crt0.o
 .data          0x00000000        0x0 build/obj/crt0.o
 .bss           0x00000000        0x0 build/obj/crt0.o
 .text          0x00000000        0x0 build/obj/vectors.o
 .data          0x00000000        0x0 build/obj/vectors.o
 .bss           0x00000000        0x0 build/obj/vectors.o
 .text          0x00000000        0x0 build/obj/ivor.o
 .data          0x00000000        0x0 build/obj/ivor.o
 .bss           0x00000000        0x0 build/obj/ivor.o
 .text          0x00000000        0x0 build/obj/core1.o
 .data          0x00000000        0x0 build/obj/core1.o
 .bss           0x00000000        0x0 build/obj/core1.o
 .debug_info    0x00000000       0x6b build/obj/core1.o
 .debug_abbrev  0x00000000       0x26 build/obj/core1.o
 .debug_aranges
                0x00000000       0x18 build/obj/core1.o
 .debug_line    0x00000000       0x1d build/obj/core1.o
 .debug_str     0x00000000      0x252 build/obj/core1.o
 .comment       0x00000000       0x8f build/obj/core1.o
 .text          0x00000000        0x0 build/obj/spc5_lld.o
 .data          0x00000000        0x0 build/obj/spc5_lld.o
 .bss           0x00000000        0x0 build/obj/spc5_lld.o
 .text          0x00000000        0x0 build/obj/can_lld.o
 .data          0x00000000        0x0 build/obj/can_lld.o
 .bss           0x00000000        0x0 build/obj/can_lld.o
 .text.can_lld_stop
                0x00000000       0x66 build/obj/can_lld.o
 .text.can_lld_is_tx_empty
                0x00000000       0x6e build/obj/can_lld.o
 .text.can_lld_transmit
                0x00000000       0xf6 build/obj/can_lld.o
 .text.can_lld_is_rx_nonempty
                0x00000000       0x68 build/obj/can_lld.o
 .text.can_lld_receive
                0x00000000       0xfc build/obj/can_lld.o
 .text          0x00000000        0x0 build/obj/pal.o
 .data          0x00000000        0x0 build/obj/pal.o
 .bss           0x00000000        0x0 build/obj/pal.o
 .text          0x00000000        0x0 build/obj/clock.o
 .data          0x00000000        0x0 build/obj/clock.o
 .bss           0x00000000        0x0 build/obj/clock.o
 .text.spc_clock_init
                0x00000000       0x14 build/obj/clock.o
 .text.SPCGetRunMode
                0x00000000        0xe build/obj/clock.o
 .text.SPCSetRunMode
                0x00000000       0x30 build/obj/clock.o
 .text.SPCGetSystemClock
                0x00000000       0x24 build/obj/clock.o
 .text          0x00000000        0x0 build/obj/irq.o
 .data          0x00000000        0x0 build/obj/irq.o
 .bss           0x00000000        0x0 build/obj/irq.o
 .text          0x00000000        0x0 build/obj/eirq.o
 .data          0x00000000        0x0 build/obj/eirq.o
 .bss           0x00000000        0x0 build/obj/eirq.o
 .text.manage_eirq_interrupt
                0x00000000       0x80 build/obj/eirq.o
 .text          0x00000000        0x0 build/obj/osal.o
 .data          0x00000000        0x0 build/obj/osal.o
 .bss           0x00000000        0x0 build/obj/osal.o
 .text.osalSysTimeSetup
                0x00000000        0xc build/obj/osal.o
 .text.osalSysTimeReset
                0x00000000        0x4 build/obj/osal.o
 .text.osalThreadDelaySeconds
                0x00000000       0x22 build/obj/osal.o
 .text.osalThreadDelayMicroseconds
                0x00000000       0x3a build/obj/osal.o
 .text.osalThreadGetSeconds
                0x00000000       0x16 build/obj/osal.o
 .text.osalThreadGetMilliseconds
                0x00000000       0x1a build/obj/osal.o
 .text.osalThreadGetMicroseconds
                0x00000000       0x20 build/obj/osal.o
 .text          0x00000000        0x0 build/obj/systimer.o
 .data          0x00000000        0x0 build/obj/systimer.o
 .bss           0x00000000        0x0 build/obj/systimer.o
 .text          0x00000000        0x0 build/obj/can_lld_cfg.o
 .data          0x00000000        0x0 build/obj/can_lld_cfg.o
 .bss           0x00000000        0x0 build/obj/can_lld_cfg.o
 .text          0x00000000        0x0 build/obj/board.o
 .data          0x00000000        0x0 build/obj/board.o
 .bss           0x00000000        0x0 build/obj/board.o
 .text          0x00000000        0x0 build/obj/irq_cfg.o
 .data          0x00000000        0x0 build/obj/irq_cfg.o
 .bss           0x00000000        0x0 build/obj/irq_cfg.o
 .text          0x00000000        0x0 build/obj/eirq_cfg.o
 .data          0x00000000        0x0 build/obj/eirq_cfg.o
 .bss           0x00000000        0x0 build/obj/eirq_cfg.o
 .text          0x00000000        0x0 build/obj/main.o
 .data          0x00000000        0x0 build/obj/main.o
 .bss           0x00000000        0x0 build/obj/main.o
 .text.getPotentiometerValue
                0x00000000        0xe build/obj/main.o
 .text.getLightIntensity
                0x00000000       0x10 build/obj/main.o
 .text.getRPM   0x00000000       0x16 build/obj/main.o
 .text.adjustMode
                0x00000000       0x24 build/obj/main.o
 .text.isAutomaticMode
                0x00000000       0x14 build/obj/main.o
 .text.turnOnLowbeamAndParkingLight
                0x00000000       0x10 build/obj/main.o
 .text.indicateECU2Status
                0x00000000       0x14 build/obj/main.o
 .text.updateInputs
                0x00000000       0x4e build/obj/main.o
 .bss.BT5       0x00000000        0x4 build/obj/main.o
 .bss.BT6       0x00000000        0x4 build/obj/main.o
 .bss.SW2       0x00000000        0x4 build/obj/main.o
 .bss.SW3       0x00000000        0x4 build/obj/main.o
 .bss.SW4       0x00000000        0x4 build/obj/main.o
 .text          0x00000000        0x0 build/obj/adc.o
 .data          0x00000000        0x0 build/obj/adc.o
 .bss           0x00000000        0x0 build/obj/adc.o
 .text          0x00000000        0x0 build/obj/can.o
 .data          0x00000000        0x0 build/obj/can.o
 .bss           0x00000000        0x0 build/obj/can.o
 .text          0x00000000        0x0 build/obj/inputs.o
 .data          0x00000000        0x0 build/obj/inputs.o
 .bss           0x00000000        0x0 build/obj/inputs.o
 .debug_line    0x00000000        0x0 build/obj/inputs.o
 .debug_str     0x00000000      0x1a1 build/obj/inputs.o
 .comment       0x00000000       0x8f build/obj/inputs.o
 .text          0x00000000        0x0 build/obj/me_init.o
 .data          0x00000000        0x0 build/obj/me_init.o
 .bss           0x00000000        0x0 build/obj/me_init.o
 .text          0x00000000        0x0 build/obj/pit.o
 .data          0x00000000        0x0 build/obj/pit.o
 .bss           0x00000000        0x0 build/obj/pit.o
 .text.PIT_StopTimer
                0x00000000        0xe build/obj/pit.o
 .text          0x00000000        0x0 build/obj/siu.o
 .data          0x00000000        0x0 build/obj/siu.o
 .bss           0x00000000        0x0 build/obj/siu.o
 .text          0x00000000        0x0 build/obj/components.o
 .data          0x00000000        0x0 build/obj/components.o
 .bss           0x00000000        0x0 build/obj/components.o

Memory Configuration

Name             Origin             Length             Attributes
flash            0x00000000         0x00100000
ram              0x40000000         0x00020000
*default*        0x00000000         0xffffffff

Linker script and memory map

LOAD build/obj/boot.o
LOAD build/obj/crt0.o
LOAD build/obj/vectors.o
LOAD build/obj/ivor.o
LOAD build/obj/core1.o
LOAD build/obj/spc5_lld.o
LOAD build/obj/can_lld.o
LOAD build/obj/pal.o
LOAD build/obj/clock.o
LOAD build/obj/irq.o
LOAD build/obj/eirq.o
LOAD build/obj/osal.o
LOAD build/obj/systimer.o
LOAD build/obj/can_lld_cfg.o
LOAD build/obj/board.o
LOAD build/obj/irq_cfg.o
LOAD build/obj/eirq_cfg.o
LOAD build/obj/main.o
LOAD build/obj/adc.o
LOAD build/obj/can.o
LOAD build/obj/inputs.o
LOAD build/obj/me_init.o
LOAD build/obj/pit.o
LOAD build/obj/siu.o
LOAD build/obj/components.o
LOAD c:/spc5studio/eclipse/plugins/com.st.tools.spc5.tools.gnu.gcc.ppcvle.win32_4.9.4.201809141314/toolchain/bin/../lib/gcc/powerpc-eabivle/4.9.4/../../../../powerpc-eabivle/lib/e200z4\libm.a
LOAD c:/spc5studio/eclipse/plugins/com.st.tools.spc5.tools.gnu.gcc.ppcvle.win32_4.9.4.201809141314/toolchain/bin/../lib/gcc/powerpc-eabivle/4.9.4/../../../../powerpc-eabivle/lib/e200z4\libc.a
                0x00000000                __irq_stack_size__ = 0x0
                0x00000800                __process_stack_size__ = 0x800
                0x00100000                __flash_size__ = LENGTH (flash)
                0x00000000                __flash_start__ = ORIGIN (flash)
                0x00100000                __flash_end__ = (ORIGIN (flash) + LENGTH (flash))
                0x00020000                __ram_size__ = LENGTH (ram)
                0x40000000                __ram_start__ = ORIGIN (ram)
                0x40020000                __ram_end__ = (ORIGIN (ram) + LENGTH (ram))
                0x00000000                . = ORIGIN (flash)

.boot0          0x00000000      0x592
 *(.boot)
 .boot          0x00000000      0x37a build/obj/boot.o
                0x00000008                _reset_address
 *(.handlers)
 *fill*         0x0000037a        0x6 
 .handlers      0x00000380        0x2 build/obj/boot.o
                0x00000380                _IVOR1
                0x00000380                _IVOR7
                0x00000380                _IVOR2
                0x00000380                _IVOR11
                0x00000380                _IVOR15
                0x00000380                _IVOR0
                0x00000380                _IVOR14
                0x00000380                _IVOR9
                0x00000380                _IVOR32
                0x00000380                _IVOR13
                0x00000380                _IVOR12
                0x00000380                _IVOR8
                0x00000380                _unhandled_exception0
                0x00000380                _IVOR3
                0x00000380                _IVOR6
                0x00000380                _IVOR5
                0x00000380                _IVOR34
                0x00000380                _IVOR33
 *fill*         0x00000382        0xe 
 .handlers      0x00000390      0x176 build/obj/ivor.o
                0x00000390                _IVOR10
                0x000003d0                _IVOR4
                0x00000420                _spr_init
 *(.crt0)
 *fill*         0x00000506        0xa 
 .crt0          0x00000510       0x82 build/obj/crt0.o
                0x00000510                _boot_address
                0x00000588                _main_exit_handler
                0x0000058e                __late_init
                0x00000590                __eabi

.boot1          0x000005a0      0xb84
                0x00000800                . = ALIGN (0x800)
 *fill*         0x000005a0      0x260 
 *(.vectors)
 .vectors       0x00000800      0x402 build/obj/vectors.o
                0x00000800                _vectors
                0x00000c00                vector220
                0x00000c00                vector90
                0x00000c00                vector242
                0x00000c00                vector163
                0x00000c00                vector234
                0x00000c00                vector62
                0x00000c00                vector106
                0x00000c00                vector232
                0x00000c00                vector117
                0x00000c00                vector82
                0x00000c00                vector222
                0x00000c00                vector8
                0x00000c00                vector149
                0x00000c00                vector25
                0x00000c00                vector198
                0x00000c00                vector120
                0x00000c00                vector46
                0x00000c00                vector134
                0x00000c00                vector223
                0x00000c00                vector218
                0x00000c00                vector225
                0x00000c00                vector34
                0x00000c00                vector179
                0x00000c00                vector88
                0x00000c00                vector50
                0x00000c00                vector15
                0x00000c00                vector151
                0x00000c00                vector83
                0x00000c00                vector89
                0x00000c00                vector173
                0x00000c00                vector78
                0x00000c00                vector129
                0x00000c00                vector197
                0x00000c00                vector152
                0x00000c00                vector230
                0x00000c00                vector37
                0x00000c00                vector6
                0x00000c00                vector56
                0x00000c00                vector102
                0x00000c00                vector252
                0x00000c00                vector0
                0x00000c00                vector145
                0x00000c00                vector107
                0x00000c00                vector40
                0x00000c00                vector205
                0x00000c00                vector161
                0x00000c00                vector53
                0x00000c00                vector18
                0x00000c00                vector95
                0x00000c00                vector226
                0x00000c00                vector49
                0x00000c00                vector20
                0x00000c00                vector109
                0x00000c00                vector12
                0x00000c00                vector160
                0x00000c00                vector215
                0x00000c00                vector157
                0x00000c00                vector112
                0x00000c00                vector182
                0x00000c00                vector187
                0x00000c00                vector30
                0x00000c00                vector192
                0x00000c00                vector207
                0x00000c00                vector190
                0x00000c00                vector239
                0x00000c00                vector94
                0x00000c00                vector93
                0x00000c00                vector184
                0x00000c00                vector17
                0x00000c00                vector52
                0x00000c00                vector169
                0x00000c00                vector233
                0x00000c00                vector147
                0x00000c00                vector104
                0x00000c00                vector116
                0x00000c00                vector188
                0x00000c00                vector48
                0x00000c00                vector105
                0x00000c00                vector146
                0x00000c00                vector191
                0x00000c00                vector103
                0x00000c00                vector11
                0x00000c00                vector235
                0x00000c00                vector36
                0x00000c00                vector154
                0x00000c00                vector219
                0x00000c00                vector148
                0x00000c00                vector221
                0x00000c00                vector80
                0x00000c00                vector171
                0x00000c00                vector28
                0x00000c00                vector126
                0x00000c00                vector96
                0x00000c00                vector31
                0x00000c00                vector203
                0x00000c00                vector139
                0x00000c00                vector153
                0x00000c00                vector123
                0x00000c00                vector248
                0x00000c00                vector58
                0x00000c00                vector166
                0x00000c00                vector76
                0x00000c00                vector75
                0x00000c00                vector195
                0x00000c00                vector150
                0x00000c00                vector164
                0x00000c00                vector121
                0x00000c00                vector137
                0x00000c00                vector247
                0x00000c00                vector22
                0x00000c00                vector202
                0x00000c00                vector55
                0x00000c00                vector204
                0x00000c00                vector110
                0x00000c00                vector124
                0x00000c00                vector5
                0x00000c00                vector167
                0x00000c00                vector155
                0x00000c00                vector249
                0x00000c00                vector250
                0x00000c00                vector131
                0x00000c00                vector199
                0x00000c00                vector118
                0x00000c00                vector237
                0x00000c00                vector64
                0x00000c00                vector27
                0x00000c00                vector132
                0x00000c00                vector177
                0x00000c00                vector21
                0x00000c00                vector224
                0x00000c00                vector253
                0x00000c00                vector3
                0x00000c00                vector2
                0x00000c00                vector227
                0x00000c00                vector210
                0x00000c00                vector186
                0x00000c00                vector217
                0x00000c00                vector101
                0x00000c00                vector211
                0x00000c00                vector174
                0x00000c00                vector243
                0x00000c00                vector128
                0x00000c00                vector254
                0x00000c00                vector144
                0x00000c00                vector73
                0x00000c00                vector1
                0x00000c00                vector178
                0x00000c00                vector38
                0x00000c00                vector238
                0x00000c00                vector133
                0x00000c00                vector241
                0x00000c00                vector172
                0x00000c00                vector213
                0x00000c00                vector108
                0x00000c00                vector165
                0x00000c00                vector185
                0x00000c00                vector115
                0x00000c00                vector162
                0x00000c00                vector33
                0x00000c00                vector91
                0x00000c00                vector119
                0x00000c00                vector87
                0x00000c00                vector86
                0x00000c00                vector251
                0x00000c00                _unhandled_irq
                0x00000c00                vector122
                0x00000c00                vector156
                0x00000c00                vector74
                0x00000c00                vector57
                0x00000c00                vector214
                0x00000c00                vector99
                0x00000c00                vector141
                0x00000c00                vector138
                0x00000c00                vector67
                0x00000c00                vector200
                0x00000c00                vector245
                0x00000c00                vector189
                0x00000c00                vector7
                0x00000c00                vector24
                0x00000c00                vector111
                0x00000c00                vector81
                0x00000c00                vector13
                0x00000c00                vector51
                0x00000c00                vector143
                0x00000c00                vector130
                0x00000c00                vector246
                0x00000c00                vector9
                0x00000c00                vector142
                0x00000c00                vector175
                0x00000c00                vector114
                0x00000c00                vector228
                0x00000c00                vector84
                0x00000c00                vector183
                0x00000c00                vector159
                0x00000c00                vector212
                0x00000c00                vector47
                0x00000c00                vector100
                0x00000c00                vector201
                0x00000c00                vector98
                0x00000c00                vector97
                0x00000c00                vector176
                0x00000c00                vector194
                0x00000c00                vector32
                0x00000c00                vector208
                0x00000c00                vector180
                0x00000c00                vector77
                0x00000c00                vector23
                0x00000c00                vector236
                0x00000c00                vector231
                0x00000c00                vector29
                0x00000c00                vector135
                0x00000c00                vector85
                0x00000c00                vector181
                0x00000c00                vector79
                0x00000c00                vector229
                0x00000c00                vector158
                0x00000c00                vector39
                0x00000c00                vector168
                0x00000c00                vector45
                0x00000c00                vector140
                0x00000c00                vector244
                0x00000c00                vector16
                0x00000c00                vector240
                0x00000c00                vector54
                0x00000c00                vector19
                0x00000c00                vector92
                0x00000c00                vector35
                0x00000c00                vector113
                0x00000c00                vector170
                0x00000c00                vector136
                0x00000c00                vector10
                0x00000c00                vector206
                0x00000c00                vector255
                0x00000c00                vector4
                0x00000c00                vector209
                0x00000c00                vector196
                0x00000c00                vector125
                0x00000c00                vector216
                0x00000c00                vector63
                0x00000c00                vector26
                0x00000c00                vector193
                0x00000c00                vector14
                0x00001000                . = ALIGN (0x1000)
 *fill*         0x00000c02      0x3fe 
                0x00001000                __ivpr0_base__ = .
 *(.core0_ivors)
 .core0_ivors   0x00001000      0x124 build/obj/boot.o
                0x00001000                IVORS

constructors    0x00001124        0x0
                [!provide]                PROVIDE (__init_array_start, .)
 *(SORT(.init_array.*))
 *(.init_array)
                [!provide]                PROVIDE (__init_array_end, .)

destructors     0x00001124        0x0
                [!provide]                PROVIDE (__fini_array_start, .)
 *(.fini_array)
 *(SORT(.fini_array.*))
                [!provide]                PROVIDE (__fini_array_end, .)

.text_vle
 *(.text_vle)
 *(.text_vle.*)
 *(.gnu.linkonce.t_vle.*)
 *(.vletext)
 *(.vletext.*)()
 *(.ghs.linkonce.t_vle.*)()

.text           0x00001130     0x1526
 *(.text)
 *(.text.*)
 .text.spc5LLDInit
                0x00001130        0x4 build/obj/spc5_lld.o
                0x00001130                spc5LLDInit
 *fill*         0x00001134        0xc 
 .text.can_lld_err_handler.constprop.2
                0x00001140       0x7a build/obj/can_lld.o
 *fill*         0x000011ba        0x6 
 .text.can_lld_handler.constprop.3
                0x000011c0       0x52 build/obj/can_lld.o
 *fill*         0x00001212        0xe 
 .text.vector72
                0x00001220        0x4 build/obj/can_lld.o
                0x00001220                vector72
 *fill*         0x00001224        0xc 
 .text.vector68
                0x00001230        0x4 build/obj/can_lld.o
                0x00001230                vector68
 *fill*         0x00001234        0xc 
 .text.vector69
                0x00001240        0x4 build/obj/can_lld.o
                0x00001240                vector69
 *fill*         0x00001244        0xc 
 .text.vector65
                0x00001250        0x4 build/obj/can_lld.o
                0x00001250                vector65
 *fill*         0x00001254        0xc 
 .text.vector66
                0x00001260        0x4 build/obj/can_lld.o
                0x00001260                vector66
 *fill*         0x00001264        0xc 
 .text.can_lld_init
                0x00001270       0x36 build/obj/can_lld.o
                0x00001270                can_lld_init
 *fill*         0x000012a6        0xa 
 .text.can_lld_start
                0x000012b0      0x1f6 build/obj/can_lld.o
                0x000012b0                can_lld_start
 *fill*         0x000014a6        0xa 
 .text.pal_init
                0x000014b0       0x86 build/obj/pal.o
                0x000014b0                pal_init
 *fill*         0x00001536        0xa 
 .text.spc_clock_init.part.0
                0x00001540      0x2b8 build/obj/clock.o
 *fill*         0x000017f8        0x8 
 .text.clockInit
                0x00001800       0x34 build/obj/clock.o
                0x00001800                clockInit
 *fill*         0x00001834        0xc 
 .text.__early_init
                0x00001840       0x14 build/obj/clock.o
                0x00001840                __early_init
 *fill*         0x00001854        0xc 
 .text.SPCSetPeripheralClockMode
                0x00001860       0x42 build/obj/clock.o
                0x00001860                SPCSetPeripheralClockMode
 *fill*         0x000018a2        0xe 
 .text.SPCGetPeripheralClock
                0x000018b0       0x30 build/obj/clock.o
                0x000018b0                SPCGetPeripheralClock
 .text.irqInit  0x000018e0       0x2a build/obj/irq.o
                0x000018e0                irqInit
 *fill*         0x0000190a        0x6 
 .text.irqSysHalt
                0x00001910        0x8 build/obj/irq.o
                0x00001910                irqSysHalt
 *fill*         0x00001918        0x8 
 .text.vector41
                0x00001920       0xac build/obj/eirq.o
                0x00001920                vector41
 *fill*         0x000019cc        0x4 
 .text.vector42
                0x000019d0       0xac build/obj/eirq.o
                0x000019d0                vector42
 *fill*         0x00001a7c        0x4 
 .text.vector43
                0x00001a80       0xac build/obj/eirq.o
                0x00001a80                vector43
 *fill*         0x00001b2c        0x4 
 .text.vector44
                0x00001b30       0xac build/obj/eirq.o
                0x00001b30                vector44
 *fill*         0x00001bdc        0x4 
 .text.eirqInit
                0x00001be0       0xf2 build/obj/eirq.o
                0x00001be0                eirqInit
 *fill*         0x00001cd2        0xe 
 .text.vector59
                0x00001ce0       0x12 build/obj/osal.o
                0x00001ce0                vector59
 *fill*         0x00001cf2        0xe 
 .text.osalThreadDelayMilliseconds
                0x00001d00       0x3a build/obj/osal.o
                0x00001d00                osalThreadDelayMilliseconds
 *fill*         0x00001d3a        0x6 
 .text.osalInit
                0x00001d40       0x2c build/obj/osal.o
                0x00001d40                osalInit
 *fill*         0x00001d6c        0x4 
 .text.osalEnterCritical
                0x00001d70       0x32 build/obj/osal.o
                0x00001d70                osalEnterCritical
 *fill*         0x00001da2        0xe 
 .text.osalExitCritical
                0x00001db0       0x2a build/obj/osal.o
                0x00001db0                osalExitCritical
 *fill*         0x00001dda        0x6 
 .text.osalEnterCriticalFromISR
                0x00001de0        0x2 build/obj/osal.o
                0x00001de0                osalEnterCriticalFromISR
 *fill*         0x00001de2        0xe 
 .text.osalExitCriticalFromISR
                0x00001df0        0x2 build/obj/osal.o
                0x00001df0                osalExitCriticalFromISR
 *fill*         0x00001df2        0xe 
 .text.sysTimeSetup
                0x00001e00       0x52 build/obj/systimer.o
                0x00001e00                sysTimeSetup
 *fill*         0x00001e52        0xe 
 .text.sysTimeReset
                0x00001e60       0x16 build/obj/systimer.o
                0x00001e60                sysTimeReset
 *fill*         0x00001e76        0xa 
 .text.boardInit
                0x00001e80        0xc build/obj/board.o
                0x00001e80                boardInit
 *fill*         0x00001e8c        0x4 
 .text.irq_cfg_init
                0x00001e90       0x16 build/obj/irq_cfg.o
                0x00001e90                irq_cfg_init
 *fill*         0x00001ea6        0xa 
 .text.indicateECU2Status.part.0
                0x00001eb0       0x42 build/obj/main.o
 *fill*         0x00001ef2        0xe 
 .text.startup.main
                0x00001f00       0x6c build/obj/main.o
                0x00001f00                main
 *fill*         0x00001f6c        0x4 
 .text.getLightState
                0x00001f70       0x52 build/obj/main.o
                0x00001f70                getLightState
 *fill*         0x00001fc2        0xe 
 .text.can_send
                0x00001fd0       0x80 build/obj/main.o
                0x00001fd0                can_send
 .text.canSendRPMValue
                0x00002050       0x20 build/obj/main.o
                0x00002050                canSendRPMValue
 .text.canSendLightStates
                0x00002070       0x4a build/obj/main.o
                0x00002070                canSendLightStates
 *fill*         0x000020ba        0x6 
 .text.canSendECU1Status
                0x000020c0       0xa2 build/obj/main.o
                0x000020c0                canSendECU1Status
 *fill*         0x00002162        0xe 
 .text.can_receive
                0x00002170       0x9c build/obj/main.o
                0x00002170                can_receive
 *fill*         0x0000220c        0x4 
 .text.Pit_Channel_1
                0x00002210       0x46 build/obj/main.o
                0x00002210                Pit_Channel_1
 *fill*         0x00002256        0xa 
 .text.Pit_Channel_2
                0x00002260       0x1e build/obj/main.o
                0x00002260                Pit_Channel_2
 *fill*         0x0000227e        0x2 
 .text.Pit_Channel_3
                0x00002280       0x1e build/obj/main.o
                0x00002280                Pit_Channel_3
 *fill*         0x0000229e        0x2 
 .text.vector70
                0x000022a0       0x28 build/obj/main.o
                0x000022a0                vector70
 *fill*         0x000022c8        0x8 
 .text.vector71
                0x000022d0       0x28 build/obj/main.o
                0x000022d0                vector71
 *fill*         0x000022f8        0x8 
 .text.ADC0_Init
                0x00002300       0x4c build/obj/adc.o
                0x00002300                ADC0_Init
 *fill*         0x0000234c        0x4 
 .text.ADC1_Init
                0x00002350       0x4e build/obj/adc.o
                0x00002350                ADC1_Init
 *fill*         0x0000239e        0x2 
 .text.CANMsgBufInit
                0x000023a0      0x15a build/obj/can.o
                0x000023a0                CANMsgBufInit
 *fill*         0x000024fa        0x6 
 .text.cfg0_errorcb
                0x00002500        0x2 build/obj/can.o
                0x00002500                cfg0_errorcb
 *fill*         0x00002502        0xe 
 .text.ME_Init  0x00002510       0x3e build/obj/me_init.o
                0x00002510                ME_Init
 *fill*         0x0000254e        0x2 
 .text.PIT_ConfigureTimer
                0x00002550       0x1c build/obj/pit.o
                0x00002550                PIT_ConfigureTimer
 *fill*         0x0000256c        0x4 
 .text.PIT_StartTimer
                0x00002570        0xe build/obj/pit.o
                0x00002570                PIT_StartTimer
 *fill*         0x0000257e        0x2 
 .text.PIT_Init
                0x00002580        0x2 build/obj/pit.o
                0x00002580                PIT_Init
 *fill*         0x00002582        0xe 
 .text.Siu_Init
                0x00002590       0x98 build/obj/siu.o
                0x00002590                Siu_Init
 *fill*         0x00002628        0x8 
 .text.componentsInit
                0x00002630       0x26 build/obj/components.o
                0x00002630                componentsInit
 *(.gnu.linkonce.t.*)

.glink          0x00002656        0x0
 .glink         0x00002656        0x0 build/obj/boot.o

.rodata         0x00002660      0x1a8
 *(.glue_7t)
 *(.glue_7)
 *(.gcc*)
 *(.rodata)
 *(.rodata.*)
 .rodata.CSWTCH.9
                0x00002660       0x14 build/obj/clock.o
 *fill*         0x00002674        0xc 
 .rodata.can_config_cfg0
                0x00002680      0x11c build/obj/can_lld_cfg.o
                0x00002680                can_config_cfg0
 *fill*         0x0000279c        0x4 
 .rodata.spc_siu_init
                0x000027a0       0x20 build/obj/board.o
 .rodata.pal_default_config
                0x000027c0        0xc build/obj/board.o
 *fill*         0x000027cc        0x4 
 .rodata.spc_padsels_init
                0x000027d0       0x2c build/obj/board.o
 *fill*         0x000027fc        0x4 
 .rodata.eirqconf
                0x00002800        0x8 build/obj/eirq_cfg.o
                0x00002800                eirqconf
 *(.rodata1)

.sdata2         0x00002810        0x0
                0x0000a810                __sdata2_start__ = (. + 0x8000)
 *(.sdata2)
 .sdata2        0x00002810        0x0 build/obj/boot.o
 *(.sdata2.*)
 *(.gnu.linkonce.s2.*)
 *(.sbss2)
 *(.sbss2.*)
 *(.gnu.linkonce.sb2.*)

.eh_frame_hdr
 *(.eh_frame_hdr)

.eh_frame       0x00002810        0x0
 *(.eh_frame)
 .eh_frame      0x00002810        0x0 build/obj/boot.o

.rela.dyn       0x00002810        0x0
 .rela.iplt     0x00002810        0x0 build/obj/boot.o
 .rela.vectors  0x00002810        0x0 build/obj/boot.o
 .rela.text.manage_eirq_interrupt
                0x00002810        0x0 build/obj/boot.o
 .rela.text.vector41
                0x00002810        0x0 build/obj/boot.o
 .rela.text.vector42
                0x00002810        0x0 build/obj/boot.o
 .rela.text.vector43
                0x00002810        0x0 build/obj/boot.o
 .rela.text.vector44
                0x00002810        0x0 build/obj/boot.o
 .rela.text.eirqInit
                0x00002810        0x0 build/obj/boot.o
 .rela.rodata.can_config_cfg0
                0x00002810        0x0 build/obj/boot.o

.romdata        0x00002810        0x0
                0x00002810                __romdata_start__ = .

.core0_stacks   0x40000000      0x800
                0x40000000                . = ALIGN (0x8)
                0x40000000                __irq_stack_base__ = .
                0x40000000                . = (. + __irq_stack_size__)
                0x40000000                . = ALIGN (0x8)
                0x40000000                __irq_stack_end__ = .
                0x40000000                __process_stack_base__ = .
                0x40000000                __main_thread_stack_base__ = .
                0x40000800                . = (. + __process_stack_size__)
 *fill*         0x40000000      0x800 
                0x40000800                . = ALIGN (0x8)
                0x40000800                __process_stack_end__ = .
                0x40000800                __main_thread_stack_end__ = .

.data           0x40000800       0x10 load address 0x00002810
                0x40000800                . = ALIGN (0x4)
                0x40000800                __data_start__ = .
 *(.data)
 *(.data.*)
 .data.ecu1State
                0x40000800       0x10 build/obj/main.o
                0x40000800                ecu1State
 *(.gnu.linkonce.d.*)

.sdata          0x40000810        0x0 load address 0x00002820
                0x40000810                . = ALIGN (0x4)
                0x40008810                __sdata_start__ = (. + 0x8000)
 *(.sdata)
 .sdata         0x40000810        0x0 build/obj/boot.o
                0x40008810                _SDA_BASE_
 *(.sdata.*)
 *(.gnu.linkonce.s.*)
                0x40000810                __data_end__ = .

.sbss           0x40000810        0x0
                0x40000810                __bss_start__ = .
 *(.sbss)
 *(.sbss.*)
 *(.gnu.linkonce.sb.*)
 *(.scommon)

.bss            0x40000810       0x1c load address 0x00002820
 *(.bss)
 *(.bss.*)
 .bss.CAND1     0x40000810        0x8 build/obj/can_lld.o
                0x40000810                CAND1
 .bss.osalIsExtIntEnable
                0x40000818        0x4 build/obj/osal.o
 .bss.osalsystime
                0x4000081c        0x4 build/obj/osal.o
 .bss.osal_ticks_per_sec
                0x40000820        0x4 build/obj/osal.o
 .bss.osalIsrCnt
                0x40000824        0x4 build/obj/osal.o
 .bss.SW1       0x40000828        0x4 build/obj/main.o
                0x40000828                SW1
 *(.gnu.linkonce.b.*)
 *(COMMON)
                0x4000082c                __bss_end__ = .
                0x4000082c                __heap_base__ = __bss_end__
                0x40020000                __heap_end__ = __ram_end__
LOAD c:/spc5studio/eclipse/plugins/com.st.tools.spc5.tools.gnu.gcc.ppcvle.win32_4.9.4.201809141314/toolchain/bin/../lib/gcc/powerpc-eabivle/4.9.4/e200z4\libgcc.a
LOAD c:/spc5studio/eclipse/plugins/com.st.tools.spc5.tools.gnu.gcc.ppcvle.win32_4.9.4.201809141314/toolchain/bin/../lib/gcc/powerpc-eabivle/4.9.4/../../../../powerpc-eabivle/lib/e200z4\libc.a
LOAD c:/spc5studio/eclipse/plugins/com.st.tools.spc5.tools.gnu.gcc.ppcvle.win32_4.9.4.201809141314/toolchain/bin/../lib/gcc/powerpc-eabivle/4.9.4/e200z4\libgcc.a
OUTPUT(build/out.elf elf32-powerpc)

.iplt           0x40000830        0x0 load address 0x00002840
 .iplt          0x40000830        0x0 build/obj/boot.o

.PPC.EMB.apuinfo
                0x00000000       0x1c
 .PPC.EMB.apuinfo
                0x00000000       0x18 build/obj/boot.o
 .PPC.EMB.apuinfo
                0x00000018       0x18 build/obj/crt0.o
 .PPC.EMB.apuinfo
                0x00000030       0x18 build/obj/vectors.o
 .PPC.EMB.apuinfo
                0x00000048       0x18 build/obj/ivor.o
 .PPC.EMB.apuinfo
                0x00000060       0x18 build/obj/spc5_lld.o
 .PPC.EMB.apuinfo
                0x00000078       0x1c build/obj/can_lld.o
 .PPC.EMB.apuinfo
                0x00000094       0x18 build/obj/pal.o
 .PPC.EMB.apuinfo
                0x000000ac       0x18 build/obj/clock.o
 .PPC.EMB.apuinfo
                0x000000c4       0x18 build/obj/irq.o
 .PPC.EMB.apuinfo
                0x000000dc       0x18 build/obj/eirq.o
 .PPC.EMB.apuinfo
                0x000000f4       0x18 build/obj/osal.o
 .PPC.EMB.apuinfo
                0x0000010c       0x18 build/obj/systimer.o
 .PPC.EMB.apuinfo
                0x00000124       0x18 build/obj/board.o
 .PPC.EMB.apuinfo
                0x0000013c       0x18 build/obj/irq_cfg.o
 .PPC.EMB.apuinfo
                0x00000154       0x1c build/obj/main.o
 .PPC.EMB.apuinfo
                0x00000170       0x18 build/obj/adc.o
 .PPC.EMB.apuinfo
                0x00000188       0x18 build/obj/can.o
 .PPC.EMB.apuinfo
                0x000001a0       0x18 build/obj/me_init.o
 .PPC.EMB.apuinfo
                0x000001b8       0x18 build/obj/pit.o
 .PPC.EMB.apuinfo
                0x000001d0       0x18 build/obj/siu.o
 .PPC.EMB.apuinfo
                0x000001e8       0x18 build/obj/components.o

.comment        0x00000000       0x8e
 .comment       0x00000000       0x8e build/obj/spc5_lld.o
                                 0x8f (size before relaxing)
 .comment       0x0000008e       0x8f build/obj/can_lld.o
 .comment       0x0000008e       0x8f build/obj/pal.o
 .comment       0x0000008e       0x8f build/obj/clock.o
 .comment       0x0000008e       0x8f build/obj/irq.o
 .comment       0x0000008e       0x8f build/obj/eirq.o
 .comment       0x0000008e       0x8f build/obj/osal.o
 .comment       0x0000008e       0x8f build/obj/systimer.o
 .comment       0x0000008e       0x8f build/obj/can_lld_cfg.o
 .comment       0x0000008e       0x8f build/obj/board.o
 .comment       0x0000008e       0x8f build/obj/irq_cfg.o
 .comment       0x0000008e       0x8f build/obj/eirq_cfg.o
 .comment       0x0000008e       0x8f build/obj/main.o
 .comment       0x0000008e       0x8f build/obj/adc.o
 .comment       0x0000008e       0x8f build/obj/can.o
 .comment       0x0000008e       0x8f build/obj/me_init.o
 .comment       0x0000008e       0x8f build/obj/pit.o
 .comment       0x0000008e       0x8f build/obj/siu.o
 .comment       0x0000008e       0x8f build/obj/components.o

.debug_info     0x00000000    0x4cb53
 .debug_info    0x00000000       0xa6 build/obj/spc5_lld.o
 .debug_info    0x000000a6     0x1c2c build/obj/can_lld.o
 .debug_info    0x00001cd2     0xa130 build/obj/pal.o
 .debug_info    0x0000be02     0xd18e build/obj/clock.o
 .debug_info    0x00018f90      0x120 build/obj/irq.o
 .debug_info    0x000190b0     0xa2ea build/obj/eirq.o
 .debug_info    0x0002339a      0x686 build/obj/osal.o
 .debug_info    0x00023a20      0x4ed build/obj/systimer.o
 .debug_info    0x00023f0d     0x1331 build/obj/can_lld_cfg.o
 .debug_info    0x0002523e      0x201 build/obj/board.o
 .debug_info    0x0002543f       0xb8 build/obj/irq_cfg.o
 .debug_info    0x000254f7      0x12b build/obj/eirq_cfg.o
 .debug_info    0x00025622    0x127b9 build/obj/main.o
 .debug_info    0x00037ddb     0x577c build/obj/adc.o
 .debug_info    0x0003d557     0x3bd0 build/obj/can.o
 .debug_info    0x00041127     0x140f build/obj/me_init.o
 .debug_info    0x00042536      0x4c4 build/obj/pit.o
 .debug_info    0x000429fa     0xa053 build/obj/siu.o
 .debug_info    0x0004ca4d      0x106 build/obj/components.o

.debug_abbrev   0x00000000     0x1fde
 .debug_abbrev  0x00000000       0x65 build/obj/spc5_lld.o
 .debug_abbrev  0x00000065      0x39d build/obj/can_lld.o
 .debug_abbrev  0x00000402      0x181 build/obj/pal.o
 .debug_abbrev  0x00000583      0x345 build/obj/clock.o
 .debug_abbrev  0x000008c8       0xca build/obj/irq.o
 .debug_abbrev  0x00000992      0x252 build/obj/eirq.o
 .debug_abbrev  0x00000be4      0x2b0 build/obj/osal.o
 .debug_abbrev  0x00000e94      0x1b1 build/obj/systimer.o
 .debug_abbrev  0x00001045      0x1a9 build/obj/can_lld_cfg.o
 .debug_abbrev  0x000011ee       0xd4 build/obj/board.o
 .debug_abbrev  0x000012c2       0x51 build/obj/irq_cfg.o
 .debug_abbrev  0x00001313       0x89 build/obj/eirq_cfg.o
 .debug_abbrev  0x0000139c      0x382 build/obj/main.o
 .debug_abbrev  0x0000171e      0x15d build/obj/adc.o
 .debug_abbrev  0x0000187b      0x22e build/obj/can.o
 .debug_abbrev  0x00001aa9      0x235 build/obj/me_init.o
 .debug_abbrev  0x00001cde      0x14a build/obj/pit.o
 .debug_abbrev  0x00001e28      0x135 build/obj/siu.o
 .debug_abbrev  0x00001f5d       0x81 build/obj/components.o

.debug_aranges  0x00000000      0x460
 .debug_aranges
                0x00000000       0x20 build/obj/spc5_lld.o
 .debug_aranges
                0x00000020       0x88 build/obj/can_lld.o
 .debug_aranges
                0x000000a8       0x20 build/obj/pal.o
 .debug_aranges
                0x000000c8       0x60 build/obj/clock.o
 .debug_aranges
                0x00000128       0x28 build/obj/irq.o
 .debug_aranges
                0x00000150       0x48 build/obj/eirq.o
 .debug_aranges
                0x00000198       0x88 build/obj/osal.o
 .debug_aranges
                0x00000220       0x28 build/obj/systimer.o
 .debug_aranges
                0x00000248       0x18 build/obj/can_lld_cfg.o
 .debug_aranges
                0x00000260       0x20 build/obj/board.o
 .debug_aranges
                0x00000280       0x20 build/obj/irq_cfg.o
 .debug_aranges
                0x000002a0       0x18 build/obj/eirq_cfg.o
 .debug_aranges
                0x000002b8       0xc0 build/obj/main.o
 .debug_aranges
                0x00000378       0x28 build/obj/adc.o
 .debug_aranges
                0x000003a0       0x28 build/obj/can.o
 .debug_aranges
                0x000003c8       0x20 build/obj/me_init.o
 .debug_aranges
                0x000003e8       0x38 build/obj/pit.o
 .debug_aranges
                0x00000420       0x20 build/obj/siu.o
 .debug_aranges
                0x00000440       0x20 build/obj/components.o

.debug_ranges   0x00000000      0x6d0
 .debug_ranges  0x00000000       0x10 build/obj/spc5_lld.o
 .debug_ranges  0x00000010       0x90 build/obj/can_lld.o
 .debug_ranges  0x000000a0       0x10 build/obj/pal.o
 .debug_ranges  0x000000b0       0xe0 build/obj/clock.o
 .debug_ranges  0x00000190       0x18 build/obj/irq.o
 .debug_ranges  0x000001a8       0xb8 build/obj/eirq.o
 .debug_ranges  0x00000260      0x218 build/obj/osal.o
 .debug_ranges  0x00000478       0x18 build/obj/systimer.o
 .debug_ranges  0x00000490       0x10 build/obj/board.o
 .debug_ranges  0x000004a0       0x10 build/obj/irq_cfg.o
 .debug_ranges  0x000004b0      0x198 build/obj/main.o
 .debug_ranges  0x00000648       0x18 build/obj/adc.o
 .debug_ranges  0x00000660       0x18 build/obj/can.o
 .debug_ranges  0x00000678       0x10 build/obj/me_init.o
 .debug_ranges  0x00000688       0x28 build/obj/pit.o
 .debug_ranges  0x000006b0       0x10 build/obj/siu.o
 .debug_ranges  0x000006c0       0x10 build/obj/components.o

.debug_line     0x00000000     0x31ec
 .debug_line    0x00000000       0xcf build/obj/spc5_lld.o
 .debug_line    0x000000cf      0x570 build/obj/can_lld.o
 .debug_line    0x0000063f      0x274 build/obj/pal.o
 .debug_line    0x000008b3      0x42e build/obj/clock.o
 .debug_line    0x00000ce1      0x23d build/obj/irq.o
 .debug_line    0x00000f1e      0x3e6 build/obj/eirq.o
 .debug_line    0x00001304      0x3e9 build/obj/osal.o
 .debug_line    0x000016ed      0x24e build/obj/systimer.o
 .debug_line    0x0000193b      0x23b build/obj/can_lld_cfg.o
 .debug_line    0x00001b76      0x1ef build/obj/board.o
 .debug_line    0x00001d65      0x192 build/obj/irq_cfg.o
 .debug_line    0x00001ef7      0x1bf build/obj/eirq_cfg.o
 .debug_line    0x000020b6      0x46e build/obj/main.o
 .debug_line    0x00002524      0x21f build/obj/adc.o
 .debug_line    0x00002743      0x24d build/obj/can.o
 .debug_line    0x00002990      0x2e5 build/obj/me_init.o
 .debug_line    0x00002c75      0x1ed build/obj/pit.o
 .debug_line    0x00002e62      0x1d6 build/obj/siu.o
 .debug_line    0x00003038      0x1b4 build/obj/components.o

.debug_str      0x00000000     0xd2e5
 .debug_str     0x00000000      0x243 build/obj/spc5_lld.o
                                0x277 (size before relaxing)
 .debug_str     0x00000243      0x876 build/obj/can_lld.o
                                0xacb (size before relaxing)
 .debug_str     0x00000ab9     0x4b62 build/obj/pal.o
                               0x50c2 (size before relaxing)
 .debug_str     0x0000561b     0x48b7 build/obj/clock.o
                               0x5af2 (size before relaxing)
 .debug_str     0x00009ed2       0x5b build/obj/irq.o
                                0x2a8 (size before relaxing)
 .debug_str     0x00009f2d      0x107 build/obj/eirq.o
                               0x510c (size before relaxing)
 .debug_str     0x0000a034      0x277 build/obj/osal.o
                                0x50f (size before relaxing)
 .debug_str     0x0000a2ab      0x19d build/obj/systimer.o
                                0x484 (size before relaxing)
 .debug_str     0x0000a448       0x59 build/obj/can_lld_cfg.o
                                0x8d5 (size before relaxing)
 .debug_str     0x0000a4a1       0x81 build/obj/board.o
                                0x332 (size before relaxing)
 .debug_str     0x0000a522       0x37 build/obj/irq_cfg.o
                                0x27e (size before relaxing)
 .debug_str     0x0000a559       0x38 build/obj/eirq_cfg.o
                                0x2ca (size before relaxing)
 .debug_str     0x0000a591     0x2c7b build/obj/main.o
                               0x8438 (size before relaxing)
 .debug_str     0x0000d20c       0x23 build/obj/adc.o
                               0x1eb4 (size before relaxing)
 .debug_str     0x0000d22f       0x2a build/obj/can.o
                               0x1a38 (size before relaxing)
 .debug_str     0x0000d259       0x34 build/obj/me_init.o
                                0x90b (size before relaxing)
 .debug_str     0x0000d28d       0x2f build/obj/pit.o
                                0x413 (size before relaxing)
 .debug_str     0x0000d2bc        0xf build/obj/siu.o
                               0x5014 (size before relaxing)
 .debug_str     0x0000d2cb       0x1a build/obj/components.o
                                0x277 (size before relaxing)

.debug_frame    0x00000000      0x920
 .debug_frame   0x00000000       0x20 build/obj/spc5_lld.o
 .debug_frame   0x00000020      0x1d8 build/obj/can_lld.o
 .debug_frame   0x000001f8       0x20 build/obj/pal.o
 .debug_frame   0x00000218       0xb4 build/obj/clock.o
 .debug_frame   0x000002cc       0x40 build/obj/irq.o
 .debug_frame   0x0000030c      0x184 build/obj/eirq.o
 .debug_frame   0x00000490      0x100 build/obj/osal.o
 .debug_frame   0x00000590       0x44 build/obj/systimer.o
 .debug_frame   0x000005d4       0x20 build/obj/board.o
 .debug_frame   0x000005f4       0x20 build/obj/irq_cfg.o
 .debug_frame   0x00000614      0x1bc build/obj/main.o
 .debug_frame   0x000007d0       0x50 build/obj/adc.o
 .debug_frame   0x00000820       0x30 build/obj/can.o
 .debug_frame   0x00000850       0x30 build/obj/me_init.o
 .debug_frame   0x00000880       0x50 build/obj/pit.o
 .debug_frame   0x000008d0       0x20 build/obj/siu.o
 .debug_frame   0x000008f0       0x30 build/obj/components.o

.debug_loc      0x00000000     0x1524
 .debug_loc     0x00000000      0x8af build/obj/can_lld.o
 .debug_loc     0x000008af       0x66 build/obj/pal.o
 .debug_loc     0x00000915      0x130 build/obj/clock.o
 .debug_loc     0x00000a45       0x2c build/obj/irq.o
 .debug_loc     0x00000a71      0x3a5 build/obj/eirq.o
 .debug_loc     0x00000e16      0x222 build/obj/osal.o
 .debug_loc     0x00001038       0x58 build/obj/systimer.o
 .debug_loc     0x00001090      0x360 build/obj/main.o
 .debug_loc     0x000013f0       0x58 build/obj/adc.o
 .debug_loc     0x00001448       0x2c build/obj/me_init.o
 .debug_loc     0x00001474       0x84 build/obj/pit.o
 .debug_loc     0x000014f8       0x2c build/obj/components.o

Cross Reference Table

Symbol                                            File
ADC0_Init                                         build/obj/adc.o
                                                  build/obj/me_init.o
ADC1_Init                                         build/obj/adc.o
                                                  build/obj/me_init.o
BT5                                               build/obj/main.o
BT6                                               build/obj/main.o
CAND1                                             build/obj/can_lld.o
                                                  build/obj/me_init.o
CANMsgBufInit                                     build/obj/can.o
                                                  build/obj/me_init.o
IVORS                                             build/obj/boot.o
ME_Init                                           build/obj/me_init.o
                                                  build/obj/main.o
PIT_ConfigureTimer                                build/obj/pit.o
                                                  build/obj/main.o
PIT_Init                                          build/obj/pit.o
                                                  build/obj/me_init.o
PIT_StartTimer                                    build/obj/pit.o
                                                  build/obj/main.o
PIT_StopTimer                                     build/obj/pit.o
Pit_Channel_1                                     build/obj/main.o
                                                  build/obj/vectors.o
Pit_Channel_2                                     build/obj/main.o
                                                  build/obj/vectors.o
Pit_Channel_3                                     build/obj/main.o
                                                  build/obj/vectors.o
SPCGetPeripheralClock                             build/obj/clock.o
                                                  build/obj/systimer.o
SPCGetRunMode                                     build/obj/clock.o
SPCGetSystemClock                                 build/obj/clock.o
SPCSetPeripheralClockMode                         build/obj/clock.o
                                                  build/obj/adc.o
                                                  build/obj/systimer.o
                                                  build/obj/can_lld.o
SPCSetRunMode                                     build/obj/clock.o
SW1                                               build/obj/main.o
SW2                                               build/obj/main.o
SW3                                               build/obj/main.o
SW4                                               build/obj/main.o
Siu_Init                                          build/obj/siu.o
                                                  build/obj/me_init.o
_IVOR0                                            build/obj/boot.o
                                                  build/obj/ivor.o
_IVOR1                                            build/obj/boot.o
                                                  build/obj/ivor.o
_IVOR10                                           build/obj/ivor.o
                                                  build/obj/boot.o
_IVOR11                                           build/obj/boot.o
                                                  build/obj/ivor.o
_IVOR12                                           build/obj/boot.o
                                                  build/obj/ivor.o
_IVOR13                                           build/obj/boot.o
                                                  build/obj/ivor.o
_IVOR14                                           build/obj/boot.o
                                                  build/obj/ivor.o
_IVOR15                                           build/obj/boot.o
                                                  build/obj/ivor.o
_IVOR2                                            build/obj/boot.o
                                                  build/obj/ivor.o
_IVOR3                                            build/obj/boot.o
                                                  build/obj/ivor.o
_IVOR32                                           build/obj/boot.o
                                                  build/obj/ivor.o
_IVOR33                                           build/obj/boot.o
                                                  build/obj/ivor.o
_IVOR34                                           build/obj/boot.o
                                                  build/obj/ivor.o
_IVOR4                                            build/obj/ivor.o
                                                  build/obj/boot.o
_IVOR5                                            build/obj/boot.o
                                                  build/obj/ivor.o
_IVOR6                                            build/obj/boot.o
                                                  build/obj/ivor.o
_IVOR7                                            build/obj/boot.o
                                                  build/obj/ivor.o
_IVOR8                                            build/obj/boot.o
                                                  build/obj/ivor.o
_IVOR9                                            build/obj/boot.o
                                                  build/obj/ivor.o
_SDA2_BASE_                                       build/obj/boot.o
_SDA_BASE_                                        build/obj/boot.o
__bss_end__                                       build/obj/crt0.o
__bss_start__                                     build/obj/crt0.o
__data_end__                                      build/obj/crt0.o
__data_start__                                    build/obj/crt0.o
__eabi                                            build/obj/crt0.o
                                                  build/obj/main.o
__early_init                                      build/obj/clock.o
                                                  build/obj/crt0.o
__ivpr0_base__                                    build/obj/boot.o
__late_init                                       build/obj/crt0.o
__process_stack_end__                             build/obj/crt0.o
__ram_end__                                       build/obj/boot.o
__ram_start__                                     build/obj/boot.o
__romdata_start__                                 build/obj/crt0.o
__sdata2_start__                                  build/obj/crt0.o
__sdata_start__                                   build/obj/crt0.o
_boot_address                                     build/obj/crt0.o
                                                  build/obj/boot.o
_main_exit_handler                                build/obj/crt0.o
_reset_address                                    build/obj/boot.o
_spr_init                                         build/obj/ivor.o
                                                  build/obj/osal.o
_unhandled_exception0                             build/obj/boot.o
_unhandled_irq                                    build/obj/vectors.o
_vectors                                          build/obj/vectors.o
                                                  build/obj/irq.o
adjustMode                                        build/obj/main.o
boardInit                                         build/obj/board.o
                                                  build/obj/components.o
canSendECU1Status                                 build/obj/main.o
canSendLightStates                                build/obj/main.o
canSendRPMValue                                   build/obj/main.o
can_config_cfg0                                   build/obj/can_lld_cfg.o
                                                  build/obj/me_init.o
can_lld_init                                      build/obj/can_lld.o
                                                  build/obj/spc5_lld.o
can_lld_is_rx_nonempty                            build/obj/can_lld.o
can_lld_is_tx_empty                               build/obj/can_lld.o
can_lld_receive                                   build/obj/can_lld.o
can_lld_start                                     build/obj/can_lld.o
                                                  build/obj/me_init.o
can_lld_stop                                      build/obj/can_lld.o
can_lld_transmit                                  build/obj/can_lld.o
can_receive                                       build/obj/main.o
                                                  build/obj/can_lld_cfg.o
can_send                                          build/obj/main.o
cfg0_errorcb                                      build/obj/can.o
                                                  build/obj/can_lld_cfg.o
clockInit                                         build/obj/clock.o
                                                  build/obj/components.o
componentsInit                                    build/obj/components.o
                                                  build/obj/me_init.o
ecu1State                                         build/obj/main.o
eirqInit                                          build/obj/eirq.o
                                                  build/obj/components.o
eirqconf                                          build/obj/eirq_cfg.o
                                                  build/obj/eirq.o
getLightIntensity                                 build/obj/main.o
getLightState                                     build/obj/main.o
getPotentiometerValue                             build/obj/main.o
getRPM                                            build/obj/main.o
indicateECU2Status                                build/obj/main.o
irqInit                                           build/obj/irq.o
                                                  build/obj/components.o
irqSysHalt                                        build/obj/irq.o
                                                  build/obj/clock.o
irq_cfg_init                                      build/obj/irq_cfg.o
                                                  build/obj/irq.o
isAutomaticMode                                   build/obj/main.o
main                                              build/obj/main.o
                                                  build/obj/crt0.o
manage_eirq_interrupt                             build/obj/eirq.o
osalEnterCritical                                 build/obj/osal.o
                                                  build/obj/can_lld.o
osalEnterCriticalFromISR                          build/obj/osal.o
                                                  build/obj/eirq.o
osalExitCritical                                  build/obj/osal.o
                                                  build/obj/can_lld.o
osalExitCriticalFromISR                           build/obj/osal.o
                                                  build/obj/eirq.o
osalInit                                          build/obj/osal.o
                                                  build/obj/components.o
osalSysTimeReset                                  build/obj/osal.o
osalSysTimeSetup                                  build/obj/osal.o
osalThreadDelayMicroseconds                       build/obj/osal.o
osalThreadDelayMilliseconds                       build/obj/osal.o
                                                  build/obj/main.o
osalThreadDelaySeconds                            build/obj/osal.o
osalThreadGetMicroseconds                         build/obj/osal.o
osalThreadGetMilliseconds                         build/obj/osal.o
osalThreadGetSeconds                              build/obj/osal.o
pal_init                                          build/obj/pal.o
                                                  build/obj/board.o
spc5LLDInit                                       build/obj/spc5_lld.o
                                                  build/obj/components.o
spc_clock_init                                    build/obj/clock.o
sysTimeReset                                      build/obj/systimer.o
                                                  build/obj/osal.o
sysTimeSetup                                      build/obj/systimer.o
                                                  build/obj/osal.o
turnOnLowbeamAndParkingLight                      build/obj/main.o
updateInputs                                      build/obj/main.o
vector0                                           build/obj/vectors.o
vector1                                           build/obj/vectors.o
vector10                                          build/obj/vectors.o
vector100                                         build/obj/vectors.o
vector101                                         build/obj/vectors.o
vector102                                         build/obj/vectors.o
vector103                                         build/obj/vectors.o
vector104                                         build/obj/vectors.o
vector105                                         build/obj/vectors.o
vector106                                         build/obj/vectors.o
vector107                                         build/obj/vectors.o
vector108                                         build/obj/vectors.o
vector109                                         build/obj/vectors.o
vector11                                          build/obj/vectors.o
vector110                                         build/obj/vectors.o
vector111                                         build/obj/vectors.o
vector112                                         build/obj/vectors.o
vector113                                         build/obj/vectors.o
vector114                                         build/obj/vectors.o
vector115                                         build/obj/vectors.o
vector116                                         build/obj/vectors.o
vector117                                         build/obj/vectors.o
vector118                                         build/obj/vectors.o
vector119                                         build/obj/vectors.o
vector12                                          build/obj/vectors.o
vector120                                         build/obj/vectors.o
vector121                                         build/obj/vectors.o
vector122                                         build/obj/vectors.o
vector123                                         build/obj/vectors.o
vector124                                         build/obj/vectors.o
vector125                                         build/obj/vectors.o
vector126                                         build/obj/vectors.o
vector128                                         build/obj/vectors.o
vector129                                         build/obj/vectors.o
vector13                                          build/obj/vectors.o
vector130                                         build/obj/vectors.o
vector131                                         build/obj/vectors.o
vector132                                         build/obj/vectors.o
vector133                                         build/obj/vectors.o
vector134                                         build/obj/vectors.o
vector135                                         build/obj/vectors.o
vector136                                         build/obj/vectors.o
vector137                                         build/obj/vectors.o
vector138                                         build/obj/vectors.o
vector139                                         build/obj/vectors.o
vector14                                          build/obj/vectors.o
vector140                                         build/obj/vectors.o
vector141                                         build/obj/vectors.o
vector142                                         build/obj/vectors.o
vector143                                         build/obj/vectors.o
vector144                                         build/obj/vectors.o
vector145                                         build/obj/vectors.o
vector146                                         build/obj/vectors.o
vector147                                         build/obj/vectors.o
vector148                                         build/obj/vectors.o
vector149                                         build/obj/vectors.o
vector15                                          build/obj/vectors.o
vector150                                         build/obj/vectors.o
vector151                                         build/obj/vectors.o
vector152                                         build/obj/vectors.o
vector153                                         build/obj/vectors.o
vector154                                         build/obj/vectors.o
vector155                                         build/obj/vectors.o
vector156                                         build/obj/vectors.o
vector157                                         build/obj/vectors.o
vector158                                         build/obj/vectors.o
vector159                                         build/obj/vectors.o
vector16                                          build/obj/vectors.o
vector160                                         build/obj/vectors.o
vector161                                         build/obj/vectors.o
vector162                                         build/obj/vectors.o
vector163                                         build/obj/vectors.o
vector164                                         build/obj/vectors.o
vector165                                         build/obj/vectors.o
vector166                                         build/obj/vectors.o
vector167                                         build/obj/vectors.o
vector168                                         build/obj/vectors.o
vector169                                         build/obj/vectors.o
vector17                                          build/obj/vectors.o
vector170                                         build/obj/vectors.o
vector171                                         build/obj/vectors.o
vector172                                         build/obj/vectors.o
vector173                                         build/obj/vectors.o
vector174                                         build/obj/vectors.o
vector175                                         build/obj/vectors.o
vector176                                         build/obj/vectors.o
vector177                                         build/obj/vectors.o
vector178                                         build/obj/vectors.o
vector179                                         build/obj/vectors.o
vector18                                          build/obj/vectors.o
vector180                                         build/obj/vectors.o
vector181                                         build/obj/vectors.o
vector182                                         build/obj/vectors.o
vector183                                         build/obj/vectors.o
vector184                                         build/obj/vectors.o
vector185                                         build/obj/vectors.o
vector186                                         build/obj/vectors.o
vector187                                         build/obj/vectors.o
vector188                                         build/obj/vectors.o
vector189                                         build/obj/vectors.o
vector19                                          build/obj/vectors.o
vector190                                         build/obj/vectors.o
vector191                                         build/obj/vectors.o
vector192                                         build/obj/vectors.o
vector193                                         build/obj/vectors.o
vector194                                         build/obj/vectors.o
vector195                                         build/obj/vectors.o
vector196                                         build/obj/vectors.o
vector197                                         build/obj/vectors.o
vector198                                         build/obj/vectors.o
vector199                                         build/obj/vectors.o
vector2                                           build/obj/vectors.o
vector20                                          build/obj/vectors.o
vector200                                         build/obj/vectors.o
vector201                                         build/obj/vectors.o
vector202                                         build/obj/vectors.o
vector203                                         build/obj/vectors.o
vector204                                         build/obj/vectors.o
vector205                                         build/obj/vectors.o
vector206                                         build/obj/vectors.o
vector207                                         build/obj/vectors.o
vector208                                         build/obj/vectors.o
vector209                                         build/obj/vectors.o
vector21                                          build/obj/vectors.o
vector210                                         build/obj/vectors.o
vector211                                         build/obj/vectors.o
vector212                                         build/obj/vectors.o
vector213                                         build/obj/vectors.o
vector214                                         build/obj/vectors.o
vector215                                         build/obj/vectors.o
vector216                                         build/obj/vectors.o
vector217                                         build/obj/vectors.o
vector218                                         build/obj/vectors.o
vector219                                         build/obj/vectors.o
vector22                                          build/obj/vectors.o
vector220                                         build/obj/vectors.o
vector221                                         build/obj/vectors.o
vector222                                         build/obj/vectors.o
vector223                                         build/obj/vectors.o
vector224                                         build/obj/vectors.o
vector225                                         build/obj/vectors.o
vector226                                         build/obj/vectors.o
vector227                                         build/obj/vectors.o
vector228                                         build/obj/vectors.o
vector229                                         build/obj/vectors.o
vector23                                          build/obj/vectors.o
vector230                                         build/obj/vectors.o
vector231                                         build/obj/vectors.o
vector232                                         build/obj/vectors.o
vector233                                         build/obj/vectors.o
vector234                                         build/obj/vectors.o
vector235                                         build/obj/vectors.o
vector236                                         build/obj/vectors.o
vector237                                         build/obj/vectors.o
vector238                                         build/obj/vectors.o
vector239                                         build/obj/vectors.o
vector24                                          build/obj/vectors.o
vector240                                         build/obj/vectors.o
vector241                                         build/obj/vectors.o
vector242                                         build/obj/vectors.o
vector243                                         build/obj/vectors.o
vector244                                         build/obj/vectors.o
vector245                                         build/obj/vectors.o
vector246                                         build/obj/vectors.o
vector247                                         build/obj/vectors.o
vector248                                         build/obj/vectors.o
vector249                                         build/obj/vectors.o
vector25                                          build/obj/vectors.o
vector250                                         build/obj/vectors.o
vector251                                         build/obj/vectors.o
vector252                                         build/obj/vectors.o
vector253                                         build/obj/vectors.o
vector254                                         build/obj/vectors.o
vector255                                         build/obj/vectors.o
vector26                                          build/obj/vectors.o
vector27                                          build/obj/vectors.o
vector28                                          build/obj/vectors.o
vector29                                          build/obj/vectors.o
vector3                                           build/obj/vectors.o
vector30                                          build/obj/vectors.o
vector31                                          build/obj/vectors.o
vector32                                          build/obj/vectors.o
vector33                                          build/obj/vectors.o
vector34                                          build/obj/vectors.o
vector35                                          build/obj/vectors.o
vector36                                          build/obj/vectors.o
vector37                                          build/obj/vectors.o
vector38                                          build/obj/vectors.o
vector39                                          build/obj/vectors.o
vector4                                           build/obj/vectors.o
vector40                                          build/obj/vectors.o
vector41                                          build/obj/eirq.o
                                                  build/obj/vectors.o
vector42                                          build/obj/eirq.o
                                                  build/obj/vectors.o
vector43                                          build/obj/eirq.o
                                                  build/obj/vectors.o
vector44                                          build/obj/eirq.o
                                                  build/obj/vectors.o
vector45                                          build/obj/vectors.o
vector46                                          build/obj/vectors.o
vector47                                          build/obj/vectors.o
vector48                                          build/obj/vectors.o
vector49                                          build/obj/vectors.o
vector5                                           build/obj/vectors.o
vector50                                          build/obj/vectors.o
vector51                                          build/obj/vectors.o
vector52                                          build/obj/vectors.o
vector53                                          build/obj/vectors.o
vector54                                          build/obj/vectors.o
vector55                                          build/obj/vectors.o
vector56                                          build/obj/vectors.o
vector57                                          build/obj/vectors.o
vector58                                          build/obj/vectors.o
vector59                                          build/obj/osal.o
                                                  build/obj/vectors.o
vector6                                           build/obj/vectors.o
vector62                                          build/obj/vectors.o
vector63                                          build/obj/vectors.o
vector64                                          build/obj/vectors.o
vector65                                          build/obj/can_lld.o
                                                  build/obj/vectors.o
vector66                                          build/obj/can_lld.o
                                                  build/obj/vectors.o
vector67                                          build/obj/vectors.o
vector68                                          build/obj/can_lld.o
                                                  build/obj/vectors.o
vector69                                          build/obj/can_lld.o
                                                  build/obj/vectors.o
vector7                                           build/obj/vectors.o
vector70                                          build/obj/main.o
                                                  build/obj/vectors.o
vector71                                          build/obj/main.o
                                                  build/obj/vectors.o
vector72                                          build/obj/can_lld.o
                                                  build/obj/vectors.o
vector73                                          build/obj/vectors.o
vector74                                          build/obj/vectors.o
vector75                                          build/obj/vectors.o
vector76                                          build/obj/vectors.o
vector77                                          build/obj/vectors.o
vector78                                          build/obj/vectors.o
vector79                                          build/obj/vectors.o
vector8                                           build/obj/vectors.o
vector80                                          build/obj/vectors.o
vector81                                          build/obj/vectors.o
vector82                                          build/obj/vectors.o
vector83                                          build/obj/vectors.o
vector84                                          build/obj/vectors.o
vector85                                          build/obj/vectors.o
vector86                                          build/obj/vectors.o
vector87                                          build/obj/vectors.o
vector88                                          build/obj/vectors.o
vector89                                          build/obj/vectors.o
vector9                                           build/obj/vectors.o
vector90                                          build/obj/vectors.o
vector91                                          build/obj/vectors.o
vector92                                          build/obj/vectors.o
vector93                                          build/obj/vectors.o
vector94                                          build/obj/vectors.o
vector95                                          build/obj/vectors.o
vector96                                          build/obj/vectors.o
vector97                                          build/obj/vectors.o
vector98                                          build/obj/vectors.o
vector99                                          build/obj/vectors.o
